INFO:werkzeug: * Running on http://127.0.0.1:5000 (Press CTRL+C to quit)
INFO:werkzeug: * Restarting with stat
WARNING:werkzeug: * Debugger is active!
INFO:werkzeug: * Debugger PIN: 263-377-402
INFO:werkzeug: * Running on http://127.0.0.1:5000 (Press CTRL+C to quit)
INFO:werkzeug: * Restarting with stat
WARNING:werkzeug: * Debugger is active!
INFO:werkzeug: * Debugger PIN: 263-377-402
DEBUG:root:sqlite:///C:\Users\HP\Desktop\Fiver\America_Client\Noor\logging\database\db.sqlite
INFO:werkzeug: * Running on http://127.0.0.1:5000 (Press CTRL+C to quit)
INFO:werkzeug: * Restarting with stat
DEBUG:root:sqlite:///C:\Users\HP\Desktop\Fiver\America_Client\Noor\logging\database\db.sqlite
WARNING:werkzeug: * Debugger is active!
INFO:werkzeug: * Debugger PIN: 263-377-402
INFO:app:this is the plain message
INFO:werkzeug:127.0.0.1 - - [20/Apr/2022 01:59:29] "GET /register HTTP/1.1" 200 -
DEBUG:root:sqlite:///C:\Users\HP\Desktop\Fiver\America_Client\Noor\logging\database\db.sqlite
INFO:werkzeug: * Running on http://127.0.0.1:5000 (Press CTRL+C to quit)
INFO:werkzeug: * Restarting with stat
DEBUG:root:sqlite:///C:\Users\HP\Desktop\Fiver\America_Client\Noor\logging\database\db.sqlite
WARNING:werkzeug: * Debugger is active!
INFO:werkzeug: * Debugger PIN: 263-377-402
INFO:app:this is the plain message
INFO:werkzeug:127.0.0.1 - - [20/Apr/2022 03:51:24] "GET / HTTP/1.1" 200 -
