DEBUG:root:sqlite:///C:\Users\HP\Desktop\Fiver\America_Client\Noor\Project-3\app\database\db.sqlite
INFO:werkzeug: * Running on http://127.0.0.1:5000 (Press CTRL+C to quit)
DEBUG:root:sqlite:///C:\Users\HP\Desktop\Fiver\America_Client\Noor\Project-3\app\database\db.sqlite
INFO:werkzeug: * Running on http://127.0.0.1:5000 (Press CTRL+C to quit)
INFO:werkzeug: * Restarting with stat
DEBUG:root:sqlite:///C:\Users\HP\Desktop\Fiver\America_Client\Noor\Project-3\app\database\db.sqlite
WARNING:werkzeug: * Debugger is active!
INFO:werkzeug: * Debugger PIN: 732-285-280
INFO:app:this is the plain message
INFO:werkzeug:127.0.0.1 - - [19/Apr/2022 22:21:58] "GET / HTTP/1.1" 200 -
INFO:werkzeug:127.0.0.1 - - [19/Apr/2022 22:21:58] "[33mGET /favicon.ico HTTP/1.1[0m" 404 -
INFO:app:this is the plain message
INFO:werkzeug:127.0.0.1 - - [19/Apr/2022 22:22:01] "GET /register HTTP/1.1" 200 -
INFO:werkzeug:127.0.0.1 - - [19/Apr/2022 22:22:18] "[35m[1mPOST /register HTTP/1.1[0m" 500 -
INFO:werkzeug:127.0.0.1 - - [19/Apr/2022 22:22:18] "GET /register?__debugger__=yes&cmd=resource&f=style.css HTTP/1.1" 200 -
INFO:werkzeug:127.0.0.1 - - [19/Apr/2022 22:22:18] "GET /register?__debugger__=yes&cmd=resource&f=debugger.js HTTP/1.1" 200 -
INFO:werkzeug:127.0.0.1 - - [19/Apr/2022 22:22:19] "GET /register?__debugger__=yes&cmd=resource&f=console.png HTTP/1.1" 200 -
INFO:werkzeug:127.0.0.1 - - [19/Apr/2022 22:22:19] "[36mGET /register?__debugger__=yes&cmd=resource&f=console.png HTTP/1.1[0m" 304 -
DEBUG:root:sqlite:///C:\Users\HP\Desktop\Fiver\America_Client\Noor\Project-3\app\database\db.sqlite
INFO:werkzeug: * Running on http://127.0.0.1:5000 (Press CTRL+C to quit)
INFO:werkzeug: * Restarting with stat
DEBUG:root:sqlite:///C:\Users\HP\Desktop\Fiver\America_Client\Noor\Project-3\app\database\db.sqlite
WARNING:werkzeug: * Debugger is active!
INFO:werkzeug: * Debugger PIN: 732-285-280
INFO:app:this is the plain message
INFO:werkzeug:127.0.0.1 - - [19/Apr/2022 22:26:09] "GET /register HTTP/1.1" 200 -
INFO:werkzeug:127.0.0.1 - - [19/Apr/2022 22:26:24] "[35m[1mPOST /register HTTP/1.1[0m" 500 -
INFO:werkzeug:127.0.0.1 - - [19/Apr/2022 22:26:24] "[36mGET /register?__debugger__=yes&cmd=resource&f=debugger.js HTTP/1.1[0m" 304 -
INFO:werkzeug:127.0.0.1 - - [19/Apr/2022 22:26:24] "[36mGET /register?__debugger__=yes&cmd=resource&f=style.css HTTP/1.1[0m" 304 -
INFO:werkzeug:127.0.0.1 - - [19/Apr/2022 22:26:24] "[36mGET /register?__debugger__=yes&cmd=resource&f=console.png HTTP/1.1[0m" 304 -
INFO:werkzeug:127.0.0.1 - - [19/Apr/2022 22:26:24] "[36mGET /register?__debugger__=yes&cmd=resource&f=console.png HTTP/1.1[0m" 304 -
INFO:werkzeug: * Detected change in 'C:\\Users\\HP\\Desktop\\Fiver\\America_Client\\Noor\\Project-3\\app\\config.py', reloading
INFO:werkzeug: * Restarting with stat
DEBUG:root:sqlite:///C:\Users\HP\Desktop\Fiver\America_Client\Noor\Project-3\app\database\db.sqlite
INFO:werkzeug: * Running on http://127.0.0.1:5000 (Press CTRL+C to quit)
INFO:werkzeug: * Restarting with stat
DEBUG:root:sqlite:///C:\Users\HP\Desktop\Fiver\America_Client\Noor\Project-3\app\database\db.sqlite
WARNING:werkzeug: * Debugger is active!
INFO:werkzeug: * Debugger PIN: 732-285-280
INFO:werkzeug:127.0.0.1 - - [19/Apr/2022 22:42:07] "[35m[1mPOST /register HTTP/1.1[0m" 500 -
INFO:werkzeug:127.0.0.1 - - [19/Apr/2022 22:42:07] "[36mGET /register?__debugger__=yes&cmd=resource&f=debugger.js HTTP/1.1[0m" 304 -
INFO:werkzeug:127.0.0.1 - - [19/Apr/2022 22:42:07] "[36mGET /register?__debugger__=yes&cmd=resource&f=style.css HTTP/1.1[0m" 304 -
INFO:werkzeug:127.0.0.1 - - [19/Apr/2022 22:42:07] "[36mGET /register?__debugger__=yes&cmd=resource&f=console.png HTTP/1.1[0m" 304 -
INFO:werkzeug:127.0.0.1 - - [19/Apr/2022 22:42:07] "[36mGET /register?__debugger__=yes&cmd=resource&f=console.png HTTP/1.1[0m" 304 -
INFO:werkzeug: * Detected change in 'C:\\Users\\HP\\Desktop\\Fiver\\America_Client\\Noor\\Project-3\\app\\__init__.py', reloading
INFO:werkzeug: * Restarting with stat
DEBUG:root:sqlite:///C:\Users\HP\Desktop\Fiver\America_Client\Noor\Project-3\app\database\db.sqlite
WARNING:werkzeug: * Debugger is active!
INFO:werkzeug: * Debugger PIN: 732-285-280
DEBUG:root:sqlite:///C:\Users\HP\Desktop\Fiver\America_Client\Noor\Project-3\app\database\db.sqlite
INFO:werkzeug: * Running on http://127.0.0.1:5000 (Press CTRL+C to quit)
INFO:werkzeug: * Restarting with stat
DEBUG:root:sqlite:///C:\Users\HP\Desktop\Fiver\America_Client\Noor\Project-3\app\database\db.sqlite
WARNING:werkzeug: * Debugger is active!
INFO:werkzeug: * Debugger PIN: 732-285-280
INFO:werkzeug:127.0.0.1 - - [19/Apr/2022 22:42:57] "[35m[1mPOST /register HTTP/1.1[0m" 500 -
INFO:werkzeug:127.0.0.1 - - [19/Apr/2022 22:42:57] "[36mGET /register?__debugger__=yes&cmd=resource&f=debugger.js HTTP/1.1[0m" 304 -
INFO:werkzeug:127.0.0.1 - - [19/Apr/2022 22:42:57] "[36mGET /register?__debugger__=yes&cmd=resource&f=style.css HTTP/1.1[0m" 304 -
INFO:werkzeug:127.0.0.1 - - [19/Apr/2022 22:42:58] "[36mGET /register?__debugger__=yes&cmd=resource&f=console.png HTTP/1.1[0m" 304 -
INFO:werkzeug:127.0.0.1 - - [19/Apr/2022 22:42:58] "[36mGET /register?__debugger__=yes&cmd=resource&f=console.png HTTP/1.1[0m" 304 -
DEBUG:root:sqlite:///C:\Users\HP\Desktop\Fiver\America_Client\Noor\Project-3\app\database\db.sqlite
INFO:werkzeug: * Running on http://127.0.0.1:5000 (Press CTRL+C to quit)
INFO:werkzeug: * Restarting with stat
DEBUG:root:sqlite:///C:\Users\HP\Desktop\Fiver\America_Client\Noor\Project-3\app\database\db.sqlite
WARNING:werkzeug: * Debugger is active!
INFO:werkzeug: * Debugger PIN: 732-285-280
INFO:flask_wtf.csrf:The CSRF token has expired.
INFO:werkzeug:127.0.0.1 - - [19/Apr/2022 23:30:26] "[35m[1mPOST /register HTTP/1.1[0m" 500 -
INFO:werkzeug:127.0.0.1 - - [19/Apr/2022 23:30:26] "[36mGET /register?__debugger__=yes&cmd=resource&f=debugger.js HTTP/1.1[0m" 304 -
INFO:werkzeug:127.0.0.1 - - [19/Apr/2022 23:30:26] "[36mGET /register?__debugger__=yes&cmd=resource&f=style.css HTTP/1.1[0m" 304 -
INFO:werkzeug:127.0.0.1 - - [19/Apr/2022 23:30:26] "[36mGET /register?__debugger__=yes&cmd=resource&f=console.png HTTP/1.1[0m" 304 -
INFO:werkzeug:127.0.0.1 - - [19/Apr/2022 23:30:26] "[36mGET /register?__debugger__=yes&cmd=resource&f=console.png HTTP/1.1[0m" 304 -
DEBUG:root:sqlite:///C:\Users\HP\Desktop\Fiver\America_Client\Noor\Project-3\app\database\db.sqlite
INFO:werkzeug: * Running on http://127.0.0.1:5000 (Press CTRL+C to quit)
INFO:werkzeug: * Restarting with stat
DEBUG:root:sqlite:///C:\Users\HP\Desktop\Fiver\America_Client\Noor\Project-3\app\database\db.sqlite
WARNING:werkzeug: * Debugger is active!
INFO:werkzeug: * Debugger PIN: 732-285-280
INFO:app:this is the plain message
INFO:werkzeug:127.0.0.1 - - [19/Apr/2022 23:33:58] "GET / HTTP/1.1" 200 -
INFO:app:this is the plain message
INFO:werkzeug:127.0.0.1 - - [19/Apr/2022 23:34:00] "GET /register HTTP/1.1" 200 -
INFO:app:this is the plain message
INFO:werkzeug:127.0.0.1 - - [19/Apr/2022 23:34:09] "POST /register HTTP/1.1" 200 -
INFO:werkzeug:127.0.0.1 - - [19/Apr/2022 23:34:15] "[35m[1mPOST /register HTTP/1.1[0m" 500 -
INFO:werkzeug:127.0.0.1 - - [19/Apr/2022 23:34:16] "[36mGET /register?__debugger__=yes&cmd=resource&f=debugger.js HTTP/1.1[0m" 304 -
INFO:werkzeug:127.0.0.1 - - [19/Apr/2022 23:34:16] "[36mGET /register?__debugger__=yes&cmd=resource&f=style.css HTTP/1.1[0m" 304 -
INFO:werkzeug:127.0.0.1 - - [19/Apr/2022 23:34:16] "[36mGET /register?__debugger__=yes&cmd=resource&f=console.png HTTP/1.1[0m" 304 -
INFO:werkzeug:127.0.0.1 - - [19/Apr/2022 23:34:16] "[36mGET /register?__debugger__=yes&cmd=resource&f=console.png HTTP/1.1[0m" 304 -
INFO:werkzeug: * Detected change in 'C:\\Users\\HP\\Desktop\\Fiver\\America_Client\\Noor\\Project-3\\app\\__init__.py', reloading
INFO:werkzeug: * Restarting with stat
DEBUG:root:sqlite:///C:\Users\HP\Desktop\Fiver\America_Client\Noor\Project-3\app\database\db.sqlite
WARNING:werkzeug: * Debugger is active!
INFO:werkzeug: * Debugger PIN: 732-285-280
INFO:werkzeug: * Detected change in 'C:\\Users\\HP\\Desktop\\Fiver\\America_Client\\Noor\\Project-3\\tests\\auth_test.py', reloading
DEBUG:root:sqlite:///C:\Users\HP\Desktop\Fiver\America_Client\Noor\Project-3\app\database\db.sqlite
WARNING:werkzeug: * Debugger is active!
INFO:werkzeug: * Debugger PIN: 732-285-280
DEBUG:root:sqlite:///C:\Users\HP\Desktop\Fiver\America_Client\Noor\Project-3\app\database\db.sqlite
INFO:werkzeug: * Running on http://127.0.0.1:5000 (Press CTRL+C to quit)
INFO:werkzeug: * Restarting with stat
DEBUG:root:sqlite:///C:\Users\HP\Desktop\Fiver\America_Client\Noor\Project-3\app\database\db.sqlite
WARNING:werkzeug: * Debugger is active!
INFO:werkzeug: * Debugger PIN: 732-285-280
DEBUG:root:sqlite:///C:\Users\HP\Desktop\Fiver\America_Client\Noor\Project-3\app\database\db.sqlite
INFO:werkzeug: * Running on http://127.0.0.1:5000 (Press CTRL+C to quit)
INFO:werkzeug: * Restarting with stat
DEBUG:root:sqlite:///C:\Users\HP\Desktop\Fiver\America_Client\Noor\Project-3\app\database\db.sqlite
WARNING:werkzeug: * Debugger is active!
INFO:werkzeug: * Debugger PIN: 732-285-280
INFO:app:this is the plain message
INFO:werkzeug:127.0.0.1 - - [19/Apr/2022 23:48:39] "GET /about HTTP/1.1" 200 -
INFO:app:this is the plain message
INFO:werkzeug:127.0.0.1 - - [19/Apr/2022 23:48:40] "GET /welcome HTTP/1.1" 200 -
DEBUG:root:sqlite:///C:\Users\HP\Desktop\Fiver\America_Client\Noor\Project-3\app\database\db.sqlite
INFO:werkzeug: * Running on http://127.0.0.1:5000 (Press CTRL+C to quit)
INFO:werkzeug: * Restarting with stat
DEBUG:root:sqlite:///C:\Users\HP\Desktop\Fiver\America_Client\Noor\Project-3\app\database\db.sqlite
WARNING:werkzeug: * Debugger is active!
INFO:werkzeug: * Debugger PIN: 732-285-280
INFO:werkzeug: * Detected change in 'C:\\Users\\HP\\Desktop\\Fiver\\America_Client\\Noor\\Project-3\\app\\config.py', reloading
INFO:werkzeug: * Restarting with stat
DEBUG:root:sqlite:///C:\Users\HP\Desktop\Fiver\America_Client\Noor\Project-3\app\database\db.sqlite
INFO:werkzeug: * Running on http://127.0.0.1:5000 (Press CTRL+C to quit)
INFO:werkzeug: * Restarting with stat
DEBUG:root:sqlite:///C:\Users\HP\Desktop\Fiver\America_Client\Noor\Project-3\app\database\db.sqlite
WARNING:werkzeug: * Debugger is active!
INFO:werkzeug: * Debugger PIN: 732-285-280
INFO:app:this is the plain message
INFO:werkzeug:127.0.0.1 - - [19/Apr/2022 23:49:20] "GET /about HTTP/1.1" 200 -
DEBUG:root:sqlite:///C:\Users\HP\Desktop\Fiver\America_Client\Noor\Project-3\app\database\db.sqlite
INFO:werkzeug: * Running on http://127.0.0.1:5000 (Press CTRL+C to quit)
INFO:werkzeug: * Restarting with stat
DEBUG:root:sqlite:///C:\Users\HP\Desktop\Fiver\America_Client\Noor\Project-3\app\database\db.sqlite
WARNING:werkzeug: * Debugger is active!
INFO:werkzeug: * Debugger PIN: 732-285-280
DEBUG:root:sqlite:///C:\Users\HP\Desktop\Fiver\America_Client\Noor\logging\app\database\db.sqlite
INFO:werkzeug: * Running on http://127.0.0.1:5000 (Press CTRL+C to quit)
INFO:werkzeug: * Restarting with stat
DEBUG:root:sqlite:///C:\Users\HP\Desktop\Fiver\America_Client\Noor\logging\app\database\db.sqlite
WARNING:werkzeug: * Debugger is active!
INFO:werkzeug: * Debugger PIN: 263-377-402
INFO:app:this is the plain message
INFO:werkzeug:127.0.0.1 - - [20/Apr/2022 01:37:45] "GET / HTTP/1.1" 200 -
INFO:werkzeug:127.0.0.1 - - [20/Apr/2022 01:37:45] "[33mGET /favicon.ico HTTP/1.1[0m" 404 -
INFO:app:this is the plain message
INFO:werkzeug:127.0.0.1 - - [20/Apr/2022 01:37:47] "GET /register HTTP/1.1" 200 -
INFO:werkzeug:127.0.0.1 - - [20/Apr/2022 01:37:59] "[35m[1mPOST /register HTTP/1.1[0m" 500 -
INFO:werkzeug:127.0.0.1 - - [20/Apr/2022 01:37:59] "[36mGET /register?__debugger__=yes&cmd=resource&f=debugger.js HTTP/1.1[0m" 304 -
INFO:werkzeug:127.0.0.1 - - [20/Apr/2022 01:37:59] "[36mGET /register?__debugger__=yes&cmd=resource&f=style.css HTTP/1.1[0m" 304 -
INFO:werkzeug:127.0.0.1 - - [20/Apr/2022 01:37:59] "[36mGET /register?__debugger__=yes&cmd=resource&f=console.png HTTP/1.1[0m" 304 -
INFO:werkzeug:127.0.0.1 - - [20/Apr/2022 01:37:59] "[36mGET /register?__debugger__=yes&cmd=resource&f=console.png HTTP/1.1[0m" 304 -
